[haibach.net/rubytabs/templates/tabs-layout-device.html]
[backblue.gif]
[fade.gif]
[index.html]
[haibach.net/rubytabs/libs/imgs/icons/favicon.ico]
[haibach.net/rubytabs/libs/imgs/icons/icon-highres.png]
[haibach.net/rubytabs/libs/imgs/icons/touch-icon-iphone-retina.png]
[haibach.net/rubytabs/libs/imgs/icons/touch-icon-ipad-retina.png]
[haibach.net/rubytabs/libs/imgs/icons/touch-icon-ipad-pro.png]
[haibach.net/rubytabs/libs/imgs/icons/touch-icon-iphone-6-plus.png]
[haibach.net/rubytabs/libs/scripts/modernizr.js]
[haibach.net/rubytabs/templates/page-templates-tabs.html]
[haibach.net/rubytabs/templates/index.html]
[haibach.net/rubytabs/templates/tabs-layout-vertical.html]
[haibach.net/rubytabs/templates/tabs-layout-nested.html]
[haibach.net/rubytabs/templates/tabs-layout-bullet.html]
[haibach.net/rubytabs/templates/tabs-layout-fullwidth.html]
[haibach.net/rubytabs/templates/tabs-layout-page.html]
[haibach.net/rubytabs/templates/tabs-layout-box.html]
[haibach.net/rubytabs/templates/tabs-effect-line.html]
[haibach.net/rubytabs/templates/tabs-effect-fade.html]
[haibach.net/rubytabs/templates/tabs-effect-cssOne.html]
[haibach.net/rubytabs/templates/tabs-effect-cssTwo.html]
[haibach.net/rubytabs/templates/tabs-effect-cssFour.html]
[haibach.net/rubytabs/templates/tabs-effect-none.html]
[haibach.net/rubytabs/templates/tabs-effect-random.html]
[haibach.net/rubytabs/templates/tabs-effect-control.html]
[haibach.net/rubytabs/templates/tabs-style-flat.html]
[haibach.net/rubytabs/templates/tabs-style-flatbox.html]
[haibach.net/rubytabs/templates/tabs-style-outline.html]
[haibach.net/rubytabs/templates/tabs-style-round.html]
[haibach.net/rubytabs/templates/tabs-style-underline.html]
[haibach.net/rubytabs/templates/tabs-style-size.html]
[haibach.net/rubytabs/templates/tabs-style-highlight.html]
[haibach.net/rubytabs/templates/tabs-pos-hor-beginBegin.html]
[haibach.net/rubytabs/templates/tabs-pos-hor-beginCenter.html]
[haibach.net/rubytabs/templates/tabs-pos-hor-beginEnd.html]
[haibach.net/rubytabs/templates/tabs-pos-hor-beginJustify.html]
[haibach.net/rubytabs/templates/tabs-pos-hor-endBegin.html]
[haibach.net/rubytabs/templates/tabs-pos-hor-endCenter.html]
[haibach.net/rubytabs/templates/tabs-pos-hor-endEnd.html]
[haibach.net/rubytabs/templates/tabs-pos-hor-endJustify.html]
[haibach.net/rubytabs/templates/tabs-pos-ver-beginBegin.html]
[haibach.net/rubytabs/templates/tabs-pos-ver-beginCenter.html]
[haibach.net/rubytabs/templates/tabs-pos-ver-beginEnd.html]
[haibach.net/rubytabs/templates/tabs-pos-ver-endBegin.html]
[haibach.net/rubytabs/templates/tabs-pos-ver-endCenter.html]
[haibach.net/rubytabs/templates/tabs-pos-ver-endEnd.html]
[haibach.net/rubytabs/templates/tabs-slideshow-timerArc.html]
[haibach.net/rubytabs/templates/tabs-slideshow-timerLine.html]
[haibach.net/rubytabs/templates/tabs-slideshow-timerOnly.html]
[haibach.net/rubytabs/templates/tabs-slideshow-random.html]
[haibach.net/rubytabs/templates/tabs-api-addremove.html]
[haibach.net/rubytabs/templates/tabs-api-callback.html]
[haibach.net/rubytabs/templates/tabs-api-showByDevice.html]
[haibach.net/rubytabs/templates/tabs-api-showInRange.html]
[haibach.net/rubytabs/templates/tabs-api-deeplinking.html]
[haibach.net/rubytabs/templates/tabs-api-deeplinkingMulti.html]
[haibach.net/rubytabs/templates/tabs-api-cookie.html]
[haibach.net/rubytabs/templates/page-templates-slider.html]
[haibach.net/rubytabs/templates/slider-layout-basic.html]
[haibach.net/rubytabs/templates/slider-layout-classic1.html]
[haibach.net/rubytabs/templates/slider-layout-classic2.html]
[haibach.net/rubytabs/templates/slider-layout-center.html]
[haibach.net/rubytabs/templates/slider-layout-carousel.html]
[haibach.net/rubytabs/templates/slider-layout-outbox.html]
[haibach.net/rubytabs/templates/slider-layout-device.html]
[haibach.net/rubytabs/templates/slider-layout-coverscreen.html]
[haibach.net/rubytabs/templates/slider-layout-fullwidth.html]
[haibach.net/rubytabs/templates/slider-layout-fullwidthRange.html]
[haibach.net/rubytabs/templates/slider-layout-verticalThumb.html]
[haibach.net/rubytabs/templates/slider-layout-nested.html]
[haibach.net/rubytabs/templates/slider-layout-multi.html]
[haibach.net/rubytabs/templates/slider-layout-caption.html]
[haibach.net/rubytabs/templates/slider-layout-heightAuto.html]
[haibach.net/rubytabs/templates/slider-layout-heightFixed.html]
[haibach.net/rubytabs/templates/slider-effect-line.html]
[haibach.net/rubytabs/templates/slider-effect-fade.html]
[haibach.net/rubytabs/templates/slider-effect-math.html]
[haibach.net/rubytabs/templates/slider-effect-cssOne.html]
[haibach.net/rubytabs/templates/slider-effect-cssTwo.html]
[haibach.net/rubytabs/templates/slider-effect-cssFour.html]
[haibach.net/rubytabs/templates/slider-effect-random.html]
[haibach.net/rubytabs/templates/slider-effect-control.html]
[haibach.net/rubytabs/templates/slider-slideshow-timerArc.html]
[haibach.net/rubytabs/templates/slider-slideshow-timerLine.html]
[haibach.net/rubytabs/templates/slider-slideshow-timerOnly.html]
[haibach.net/rubytabs/templates/slider-slideshow-random.html]
[haibach.net/rubytabs/templates/imgs/icon-tabs-title.png]
[haibach.net/rubytabs/templates/imgs/iphone.png]
[haibach.net/rubytabs/templates/imgs/animal-focus-landscape1.jpg]
[haibach.net/rubytabs/templates/imgs/animal-focus-landscape2.jpg]
[haibach.net/rubytabs/templates/imgs/season-landscape2.jpg]
[haibach.net/rubytabs/templates/imgs/season-landscape4.jpg]
[haibach.net/rubytabs/templates/imgs/season-landscape6.jpg]
[haibach.net/rubytabs/templates/imgs/season-landscape7.jpg]
[haibach.net/rubytabs/templates/imgs/food-thumbnail1.jpg]
[haibach.net/rubytabs/templates/imgs/food-thumbnail2.jpg]
[haibach.net/rubytabs/templates/imgs/food-thumbnail3.jpg]
[haibach.net/rubytabs/templates/imgs/food-thumbnail4.jpg]
[haibach.net/rubytabs/templates/imgs/video-preview.jpg]
[haibach.net/rubytabs/libs/scripts/jquery-last.min.js]
[haibach.net/rubytabs/libs/scripts/ruby01.js]
[haibach.net/rubytabs/ruby/rubyanimate.js]
[haibach.net/rubytabs/templates/tabs-layout-device.html]
[haibach.net/rubytabs/libs/imgs/plugin-preview.png]
[haibach.net/rubytabs/templates/imgs/animal-focus-thumbnail1.jpg]
[haibach.net/rubytabs/templates/imgs/animal-focus-thumbnail2.jpg]
[haibach.net/rubytabs/templates/imgs/animal-focus-thumbnail3.jpg]
[haibach.net/rubytabs/templates/imgs/vietnam-large1.jpg]
[haibach.net/rubytabs/templates/imgs/vietnam-large2.jpg]
[haibach.net/rubytabs/templates/imgs/vietnam-large3.jpg]
[haibach.net/rubytabs/templates/imgs/vietnam-large4.jpg]
[haibach.net/rubytabs/templates/imgs/vietnam-large5.jpg]
[haibach.net/rubytabs/templates/imgs/vietnam-large6.jpg]
[haibach.net/rubytabs/templates/imgs/feature-module.png]
[haibach.net/rubytabs/templates/imgs/feature-swipegesture.png]
[haibach.net/rubytabs/templates/imgs/feature-effect.png]
[haibach.net/rubytabs/templates/imgs/feature-css3.png]
[haibach.net/rubytabs/templates/imgs/feature-slider.png]
[haibach.net/rubytabs/templates/imgs/feature-responsive.png]
[haibach.net/rubytabs/templates/imgs/feature-lazyload.png]
[haibach.net/rubytabs/templates/imgs/feature-slideshow.png]
[haibach.net/rubytabs/templates/imgs/template-layout-device.png]
[haibach.net/rubytabs/templates/imgs/template-layout-vertical.png]
[haibach.net/rubytabs/templates/imgs/template-fx-cssOne.png]
[haibach.net/rubytabs/templates/imgs/template-fx-line.png]
[haibach.net/rubytabs/templates/imgs/template-style-highlight.png]
[haibach.net/rubytabs/templates/imgs/template-timer-arc.png]
[haibach.net/rubytabs/templates/imgs/template-api-addremove.png]
[haibach.net/rubytabs/templates/imgs/icon-more.png]
[haibach.net/rubytabs/templates/imgs/template-fx-math.png]
[haibach.net/rubytabs/templates/imgs/template-layout-classic1.png]
[haibach.net/rubytabs/templates/imgs/template-layout-fullscreen.png]
[haibach.net/rubytabs/templates/imgs/template-layout-outbox.png]
[haibach.net/rubytabs/templates/imgs/template-layout-center.png]
[haibach.net/rubytabs/templates/imgs/template-layout-nested.png]
[haibach.net/rubytabs/templates/imgs/template-layout-caption.png]
[haibach.net/rubytabs/templates/index.html]
[haibach.net/rubytabs/templates/imgs/template-layout-bullet.png]
[haibach.net/rubytabs/templates/imgs/template-layout-fullwidth.png]
[haibach.net/rubytabs/templates/imgs/template-layout-page.png]
[haibach.net/rubytabs/templates/imgs/template-layout-box.png]
[haibach.net/rubytabs/templates/imgs/template-fx-fade.png]
[haibach.net/rubytabs/templates/imgs/template-fx-cssTwo.png]
[haibach.net/rubytabs/templates/imgs/template-fx-cssFour.png]
[haibach.net/rubytabs/templates/imgs/template-fx-none.png]
[haibach.net/rubytabs/templates/imgs/template-random.png]
[haibach.net/rubytabs/templates/imgs/template-fx-control.png]
[haibach.net/rubytabs/templates/imgs/template-style-flat.png]
[haibach.net/rubytabs/templates/imgs/template-style-flatbox.png]
[haibach.net/rubytabs/templates/imgs/template-style-outline.png]
[haibach.net/rubytabs/templates/imgs/template-style-round.png]
[haibach.net/rubytabs/templates/imgs/template-style-underline.png]
[haibach.net/rubytabs/templates/imgs/template-style-size.png]
[haibach.net/rubytabs/templates/imgs/template-pos-horBeginBegin.png]
[haibach.net/rubytabs/templates/imgs/template-pos-horBeginCenter.png]
[haibach.net/rubytabs/templates/imgs/template-pos-horBeginEnd.png]
[haibach.net/rubytabs/templates/imgs/template-pos-horBeginJustify.png]
[haibach.net/rubytabs/templates/imgs/template-pos-horEndBegin.png]
[haibach.net/rubytabs/templates/imgs/template-pos-horEndCenter.png]
[haibach.net/rubytabs/templates/imgs/template-pos-horEndEnd.png]
[haibach.net/rubytabs/templates/imgs/template-pos-horEndJustify.png]
[haibach.net/rubytabs/templates/imgs/template-pos-verBeginBegin.png]
[haibach.net/rubytabs/templates/imgs/template-pos-verBeginCenter.png]
[haibach.net/rubytabs/templates/imgs/template-pos-verBeginEnd.png]
[haibach.net/rubytabs/templates/imgs/template-pos-verEndBegin.png]
[haibach.net/rubytabs/templates/imgs/template-pos-verEndCenter.png]
[haibach.net/rubytabs/templates/imgs/template-pos-verEndEnd.png]
[haibach.net/rubytabs/templates/imgs/template-timer-line.png]
[haibach.net/rubytabs/templates/imgs/template-timer-only.png]
[haibach.net/rubytabs/templates/imgs/template-api-callback.png]
[haibach.net/rubytabs/templates/imgs/template-api-showByDevice.png]
[haibach.net/rubytabs/templates/imgs/template-api-showInRange.png]
[haibach.net/rubytabs/templates/imgs/template-api-deeplinking.png]
[haibach.net/rubytabs/templates/imgs/template-api-deeplinkingMulti.png]
[haibach.net/rubytabs/templates/imgs/template-api-cookie.png]
[haibach.net/rubytabs/templates/page-templates-tabs.html]
[haibach.net/rubytabs/templates/imgs/food-thumbnail6.jpg]
[haibach.net/rubytabs/templates/tabs-layout-vertical.html]
[haibach.net/rubytabs/templates/tabs-layout-nested.html]
[haibach.net/rubytabs/templates/tabs-layout-bullet.html]
[haibach.net/rubytabs/templates/imgs/food-thumbnail7.jpg]
[haibach.net/rubytabs/templates/tabs-layout-fullwidth.html]
[haibach.net/rubytabs/templates/tabs-layout-page.html]
[haibach.net/rubytabs/libs/imgs/pattern_wavegrid.png]
[haibach.net/rubytabs/libs/scripts/rubybox.js]
[haibach.net/rubytabs/templates/tabs-layout-box.html]
[haibach.net/rubytabs/templates/tabs-effect-line.html]
[haibach.net/rubytabs/templates/tabs-effect-fade.html]
[haibach.net/rubytabs/templates/tabs-effect-cssOne.html]
[haibach.net/rubytabs/templates/tabs-effect-cssTwo.html]
[haibach.net/rubytabs/templates/tabs-effect-cssFour.html]
[haibach.net/rubytabs/templates/tabs-effect-none.html]
[haibach.net/rubytabs/templates/tabs-effect-random.html]
[haibach.net/rubytabs/templates/tabs-effect-control.html]
[haibach.net/rubytabs/templates/tabs-style-flat.html]
[haibach.net/rubytabs/templates/tabs-style-flatbox.html]
[haibach.net/rubytabs/templates/tabs-style-outline.html]
[haibach.net/rubytabs/templates/tabs-style-round.html]
[haibach.net/rubytabs/templates/tabs-style-underline.html]
[haibach.net/rubytabs/templates/tabs-style-size.html]
[haibach.net/rubytabs/templates/tabs-style-highlight.html]
[haibach.net/rubytabs/templates/tabs-pos-hor-beginBegin.html]
[haibach.net/rubytabs/templates/tabs-pos-hor-beginCenter.html]
[haibach.net/rubytabs/templates/tabs-pos-hor-beginEnd.html]
[haibach.net/rubytabs/templates/tabs-pos-hor-beginJustify.html]
[haibach.net/rubytabs/templates/tabs-pos-hor-endBegin.html]
[haibach.net/rubytabs/templates/tabs-pos-hor-endCenter.html]
[haibach.net/rubytabs/templates/tabs-pos-hor-endEnd.html]
[haibach.net/rubytabs/templates/tabs-pos-hor-endJustify.html]
[haibach.net/rubytabs/templates/tabs-pos-ver-beginBegin.html]
[haibach.net/rubytabs/templates/tabs-pos-ver-beginCenter.html]
[haibach.net/rubytabs/templates/tabs-pos-ver-beginEnd.html]
[haibach.net/rubytabs/templates/tabs-pos-ver-endBegin.html]
[haibach.net/rubytabs/templates/tabs-pos-ver-endCenter.html]
[haibach.net/rubytabs/templates/tabs-pos-ver-endEnd.html]
[haibach.net/rubytabs/templates/tabs-slideshow-timerArc.html]
[haibach.net/rubytabs/templates/tabs-slideshow-timerLine.html]
[haibach.net/rubytabs/templates/tabs-slideshow-timerOnly.html]
[haibach.net/rubytabs/templates/tabs-slideshow-random.html]
[haibach.net/rubytabs/templates/tabs-api-addremove.html]
[haibach.net/rubytabs/templates/tabs-api-callback.html]
[haibach.net/rubytabs/templates/tabs-api-showByDevice.html]
[haibach.net/rubytabs/templates/tabs-api-showInRange.html]
[haibach.net/rubytabs/templates/tabs-api-deeplinking.html]
[haibach.net/rubytabs/templates/tabs-api-deeplinkingMulti.html]
[haibach.net/rubytabs/templates/tabs-api-cookie.html]
[haibach.net/rubytabs/templates/imgs/template-layout-basic.png]
[haibach.net/rubytabs/templates/imgs/template-layout-classic2.png]
[haibach.net/rubytabs/templates/imgs/template-layout-carousel.png]
[haibach.net/rubytabs/templates/imgs/template-layout-coverscreen.png]
[haibach.net/rubytabs/templates/imgs/template-layout-fullwidthRange.png]
[haibach.net/rubytabs/templates/imgs/template-layout-multi.png]
[haibach.net/rubytabs/templates/imgs/template-layout-heightAuto.png]
[haibach.net/rubytabs/templates/imgs/template-layout-heightFixed.png]
[haibach.net/rubytabs/templates/page-templates-slider.html]
[haibach.net/rubytabs/templates/imgs/vietnam1.jpg]
[haibach.net/rubytabs/templates/imgs/vietnam2.jpg]
[haibach.net/rubytabs/templates/imgs/vietnam3.jpg]
[haibach.net/rubytabs/templates/imgs/vietnam4.jpg]
[haibach.net/rubytabs/templates/imgs/vietnam5.jpg]
[haibach.net/rubytabs/templates/imgs/vietnam6.jpg]
[haibach.net/rubytabs/templates/slider-layout-basic.html]
[haibach.net/rubytabs/templates/imgs/shadow.png]
[haibach.net/rubytabs/templates/slider-layout-classic1.html]
[haibach.net/rubytabs/templates/slider-layout-classic2.html]
[haibach.net/rubytabs/templates/slider-layout-center.html]
[haibach.net/rubytabs/templates/imgs/season-landscape1.jpg]
[haibach.net/rubytabs/templates/imgs/season-landscape3.jpg]
[haibach.net/rubytabs/templates/imgs/season-landscape5.jpg]
[haibach.net/rubytabs/templates/slider-layout-carousel.html]
[haibach.net/rubytabs/templates/imgs/season-landscape8.jpg]
[haibach.net/rubytabs/templates/slider-layout-outbox.html]
[haibach.net/rubytabs/templates/slider-layout-device.html]
[haibach.net/rubytabs/templates/imgs/ipad-landscape.png]
[haibach.net/rubytabs/templates/imgs/overlay-boken.png]
[haibach.net/rubytabs/templates/slider-layout-coverscreen.html]
[haibach.net/rubytabs/templates/imgs/vietnam-1920-1.jpg]
[haibach.net/rubytabs/templates/imgs/vietnam-1920-2.jpg]
[haibach.net/rubytabs/templates/imgs/vietnam-1920-3.jpg]
[haibach.net/rubytabs/templates/imgs/vietnam-1920-4.jpg]
[haibach.net/rubytabs/templates/imgs/vietnam-1920-5.jpg]
[haibach.net/rubytabs/templates/imgs/vietnam-1920-6.jpg]
[haibach.net/rubytabs/templates/slider-layout-fullwidth.html]
[haibach.net/rubytabs/templates/slider-layout-fullwidthRange.html]
[haibach.net/rubytabs/templates/slider-layout-verticalThumb.html]
[haibach.net/rubytabs/templates/slider-layout-nested.html]
[haibach.net/rubytabs/templates/slider-layout-multi.html]
[haibach.net/rubytabs/templates/slider-layout-caption.html]
[haibach.net/rubytabs/templates/imgs/animal-focus-free1.jpg]
[haibach.net/rubytabs/templates/imgs/animal-focus-free2.jpg]
[haibach.net/rubytabs/templates/imgs/animal-focus-free3.jpg]
[haibach.net/rubytabs/templates/imgs/animal-focus-free4.jpg]
[haibach.net/rubytabs/templates/imgs/animal-focus-free5.jpg]
[haibach.net/rubytabs/templates/slider-layout-heightAuto.html]
[haibach.net/rubytabs/templates/slider-layout-heightFixed.html]
[haibach.net/rubytabs/templates/slider-effect-line.html]
[haibach.net/rubytabs/templates/slider-effect-fade.html]
[haibach.net/rubytabs/templates/slider-effect-math.html]
[haibach.net/rubytabs/templates/slider-effect-cssOne.html]
[haibach.net/rubytabs/templates/slider-effect-cssTwo.html]
[haibach.net/rubytabs/templates/slider-effect-cssFour.html]
[haibach.net/rubytabs/templates/slider-effect-random.html]
[haibach.net/rubytabs/templates/slider-effect-control.html]
[haibach.net/rubytabs/templates/slider-slideshow-timerArc.html]
[haibach.net/rubytabs/templates/slider-slideshow-timerLine.html]
[haibach.net/rubytabs/templates/slider-slideshow-timerOnly.html]
[haibach.net/rubytabs/templates/slider-slideshow-random.html]
[haibach.net/rubytabs/templates/slider-layout-fullscreen.html]
[haibach.net/rubytabs/templates/.html]
[haibach.net/rubytabs/templates/imgs/animal-focus-free6.jpg]
[haibach.net/rubytabs/libs/css/ruby00.css]
[haibach.net/rubytabs/libs/css/ruby01.css]
[haibach.net/rubytabs/libs/imgs/logo-light.png]
[haibach.net/rubytabs/libs/imgs/pattern_math2.png]
[haibach.net/rubytabs/libs/css/styles.custom.css]
[haibach.net/rubytabs/ruby/imgs/icon-nav.png]
[haibach.net/rubytabs/ruby/imgs/icon-nav-dark.png]
[haibach.net/rubytabs/ruby/imgs/icon-video-play.png]
[haibach.net/rubytabs/ruby/imgs/icon-playpause.png]
[haibach.net/rubytabs/ruby/rubytabs.css]
[haibach.net/rubytabs/templates/imgs/icon-tabs-title.svg]
[haibach.net/rubytabs/ruby/rubytabs.js]
[haibach.net/rubytabs/libs/imgs/rb01close-color.png]
[haibach.net/rubytabs/libs/css/rubybox.css]
[haibach.net/rubytabs/libs/css/rubygrid.css]
[haibach.net/rubytabs/libs/fonts/BLOKKNeue-Regular.svg]
[haibach.net/rubytabs/libs/imgs/logo-light.svg]
[haibach.net/rubytabs/templates/imgs/tabs/icon.img.html]
[haibach.net/rubytabs/ruby/imgs/icon-nav.svg]
[haibach.net/rubytabs/ruby/imgs/icon-nav-dark.svg]
[haibach.net/rubytabs/ruby/imgs/grab.html]
[haibach.net/rubytabs/ruby/imgs/grabbing.html]
[haibach.net/rubytabs/ruby/imgs/icon-video-play.svg]
[haibach.net/rubytabs/ruby/imgs/icon-playpause.svg]
